17:31:39 **** Incremental Build of configuration Debug for project 2_timebase ****
make -j12 all 
arm-none-eabi-gcc "../Src/timebase.c" -mcpu=cortex-m4 -std=gnu11 -g3 -DDEBUG -DSTM32 -DSTM32WB -DSTM32WB55RGVx -c -I"/home/lavanyaimadabattina/MEL_007/MEL_007_Pers/BuildYourOwnRTOS/STM32cubeIDE/0_led_driver/chip_headers/CMSIS/Include" -I"/home/lavanyaimadabattina/MEL_007/MEL_007_Pers/BuildYourOwnRTOS/STM32cubeIDE/0_led_driver/chip_headers/CMSIS/Device" -I"/home/lavanyaimadabattina/MEL_007/MEL_007_Pers/BuildYourOwnRTOS/STM32cubeIDE/0_led_driver/chip_headers/CMSIS/Device/ST/STM32WBxx/Include" -I"/home/lavanyaimadabattina/MEL_007/MEL_007_Pers/BuildYourOwnRTOS/STM32cubeIDE/2_timebase/Inc" -O0 -ffunction-sections -fdata-sections -Wall -fstack-usage -fcyclomatic-complexity -MMD -MP -MF"Src/timebase.d" -MT"Src/timebase.o" --specs=nano.specs -mfpu=fpv4-sp-d16 -mfloat-abi=hard -mthumb -o "Src/timebase.o"
arm-none-eabi-gcc -o "2_timebase.elf" @"objects.list"   -mcpu=cortex-m4 -T"/home/lavanyaimadabattina/MEL_007/MEL_007_Pers/BuildYourOwnRTOS/STM32cubeIDE/2_timebase/STM32WB55RGVX_FLASH.ld" --specs=nosys.specs -Wl,-Map="2_timebase.map" -Wl,--gc-sections -static --specs=nano.specs -mfpu=fpv4-sp-d16 -mfloat-abi=hard -mthumb -Wl,--start-group -lc -lm -Wl,--end-group
Finished building target: 2_timebase.elf
 
arm-none-eabi-size  2_timebase.elf 
arm-none-eabi-objdump -h -S 2_timebase.elf  > "2_timebase.list"
   text	   data	    bss	    dec	    hex	filename
   5468	     96	   1912	   7476	   1d34	2_timebase.elf
Finished building: default.size.stdout
 
Finished building: 2_timebase.list
 

17:31:39 Build Finished. 0 errors, 0 warnings. (took 491ms)

