13:24:12 **** Incremental Build of configuration Debug for project 3_blocking_code ****
make -j12 all 
arm-none-eabi-gcc -mcpu=cortex-m4 -g3 -DDEBUG -c -x assembler-with-cpp -MMD -MP -MF"Startup/startup_stm32wb55rgvx.d" -MT"Startup/startup_stm32wb55rgvx.o" --specs=nano.specs -mfpu=fpv4-sp-d16 -mfloat-abi=hard -mthumb -o "Startup/startup_stm32wb55rgvx.o" "../Startup/startup_stm32wb55rgvx.s"
arm-none-eabi-gcc "../Src/led.c" -mcpu=cortex-m4 -std=gnu11 -g3 -DDEBUG -DSTM32 -DSTM32WB -DSTM32WB55RGVx -c -I"/home/lavanyaimadabattina/MEL_007/MEL_007_Pers/BuildYourOwnRTOS/STM32cubeIDE/0_led_driver/chip_headers/CMSIS/Include" -I"/home/lavanyaimadabattina/MEL_007/MEL_007_Pers/BuildYourOwnRTOS/STM32cubeIDE/0_led_driver/chip_headers/CMSIS/Device" -I"/home/lavanyaimadabattina/MEL_007/MEL_007_Pers/BuildYourOwnRTOS/STM32cubeIDE/0_led_driver/chip_headers/CMSIS/Device/ST/STM32WBxx/Include" -I"/home/lavanyaimadabattina/MEL_007/MEL_007_Pers/BuildYourOwnRTOS/STM32cubeIDE/3_blocking_code/Inc" -O0 -ffunction-sections -fdata-sections -Wall -fstack-usage -fcyclomatic-complexity -MMD -MP -MF"Src/led.d" -MT"Src/led.o" --specs=nano.specs -mfpu=fpv4-sp-d16 -mfloat-abi=hard -mthumb -o "Src/led.o"
arm-none-eabi-gcc "../Src/main.c" -mcpu=cortex-m4 -std=gnu11 -g3 -DDEBUG -DSTM32 -DSTM32WB -DSTM32WB55RGVx -c -I"/home/lavanyaimadabattina/MEL_007/MEL_007_Pers/BuildYourOwnRTOS/STM32cubeIDE/0_led_driver/chip_headers/CMSIS/Include" -I"/home/lavanyaimadabattina/MEL_007/MEL_007_Pers/BuildYourOwnRTOS/STM32cubeIDE/0_led_driver/chip_headers/CMSIS/Device" -I"/home/lavanyaimadabattina/MEL_007/MEL_007_Pers/BuildYourOwnRTOS/STM32cubeIDE/0_led_driver/chip_headers/CMSIS/Device/ST/STM32WBxx/Include" -I"/home/lavanyaimadabattina/MEL_007/MEL_007_Pers/BuildYourOwnRTOS/STM32cubeIDE/3_blocking_code/Inc" -O0 -ffunction-sections -fdata-sections -Wall -fstack-usage -fcyclomatic-complexity -MMD -MP -MF"Src/main.d" -MT"Src/main.o" --specs=nano.specs -mfpu=fpv4-sp-d16 -mfloat-abi=hard -mthumb -o "Src/main.o"
arm-none-eabi-gcc "../Src/syscalls.c" -mcpu=cortex-m4 -std=gnu11 -g3 -DDEBUG -DSTM32 -DSTM32WB -DSTM32WB55RGVx -c -I"/home/lavanyaimadabattina/MEL_007/MEL_007_Pers/BuildYourOwnRTOS/STM32cubeIDE/0_led_driver/chip_headers/CMSIS/Include" -I"/home/lavanyaimadabattina/MEL_007/MEL_007_Pers/BuildYourOwnRTOS/STM32cubeIDE/0_led_driver/chip_headers/CMSIS/Device" -I"/home/lavanyaimadabattina/MEL_007/MEL_007_Pers/BuildYourOwnRTOS/STM32cubeIDE/0_led_driver/chip_headers/CMSIS/Device/ST/STM32WBxx/Include" -I"/home/lavanyaimadabattina/MEL_007/MEL_007_Pers/BuildYourOwnRTOS/STM32cubeIDE/3_blocking_code/Inc" -O0 -ffunction-sections -fdata-sections -Wall -fstack-usage -fcyclomatic-complexity -MMD -MP -MF"Src/syscalls.d" -MT"Src/syscalls.o" --specs=nano.specs -mfpu=fpv4-sp-d16 -mfloat-abi=hard -mthumb -o "Src/syscalls.o"
arm-none-eabi-gcc "../Src/sysmem.c" -mcpu=cortex-m4 -std=gnu11 -g3 -DDEBUG -DSTM32 -DSTM32WB -DSTM32WB55RGVx -c -I"/home/lavanyaimadabattina/MEL_007/MEL_007_Pers/BuildYourOwnRTOS/STM32cubeIDE/0_led_driver/chip_headers/CMSIS/Include" -I"/home/lavanyaimadabattina/MEL_007/MEL_007_Pers/BuildYourOwnRTOS/STM32cubeIDE/0_led_driver/chip_headers/CMSIS/Device" -I"/home/lavanyaimadabattina/MEL_007/MEL_007_Pers/BuildYourOwnRTOS/STM32cubeIDE/0_led_driver/chip_headers/CMSIS/Device/ST/STM32WBxx/Include" -I"/home/lavanyaimadabattina/MEL_007/MEL_007_Pers/BuildYourOwnRTOS/STM32cubeIDE/3_blocking_code/Inc" -O0 -ffunction-sections -fdata-sections -Wall -fstack-usage -fcyclomatic-complexity -MMD -MP -MF"Src/sysmem.d" -MT"Src/sysmem.o" --specs=nano.specs -mfpu=fpv4-sp-d16 -mfloat-abi=hard -mthumb -o "Src/sysmem.o"
arm-none-eabi-gcc "../Src/timebase.c" -mcpu=cortex-m4 -std=gnu11 -g3 -DDEBUG -DSTM32 -DSTM32WB -DSTM32WB55RGVx -c -I"/home/lavanyaimadabattina/MEL_007/MEL_007_Pers/BuildYourOwnRTOS/STM32cubeIDE/0_led_driver/chip_headers/CMSIS/Include" -I"/home/lavanyaimadabattina/MEL_007/MEL_007_Pers/BuildYourOwnRTOS/STM32cubeIDE/0_led_driver/chip_headers/CMSIS/Device" -I"/home/lavanyaimadabattina/MEL_007/MEL_007_Pers/BuildYourOwnRTOS/STM32cubeIDE/0_led_driver/chip_headers/CMSIS/Device/ST/STM32WBxx/Include" -I"/home/lavanyaimadabattina/MEL_007/MEL_007_Pers/BuildYourOwnRTOS/STM32cubeIDE/3_blocking_code/Inc" -O0 -ffunction-sections -fdata-sections -Wall -fstack-usage -fcyclomatic-complexity -MMD -MP -MF"Src/timebase.d" -MT"Src/timebase.o" --specs=nano.specs -mfpu=fpv4-sp-d16 -mfloat-abi=hard -mthumb -o "Src/timebase.o"
arm-none-eabi-gcc "../Src/uart.c" -mcpu=cortex-m4 -std=gnu11 -g3 -DDEBUG -DSTM32 -DSTM32WB -DSTM32WB55RGVx -c -I"/home/lavanyaimadabattina/MEL_007/MEL_007_Pers/BuildYourOwnRTOS/STM32cubeIDE/0_led_driver/chip_headers/CMSIS/Include" -I"/home/lavanyaimadabattina/MEL_007/MEL_007_Pers/BuildYourOwnRTOS/STM32cubeIDE/0_led_driver/chip_headers/CMSIS/Device" -I"/home/lavanyaimadabattina/MEL_007/MEL_007_Pers/BuildYourOwnRTOS/STM32cubeIDE/0_led_driver/chip_headers/CMSIS/Device/ST/STM32WBxx/Include" -I"/home/lavanyaimadabattina/MEL_007/MEL_007_Pers/BuildYourOwnRTOS/STM32cubeIDE/3_blocking_code/Inc" -O0 -ffunction-sections -fdata-sections -Wall -fstack-usage -fcyclomatic-complexity -MMD -MP -MF"Src/uart.d" -MT"Src/uart.o" --specs=nano.specs -mfpu=fpv4-sp-d16 -mfloat-abi=hard -mthumb -o "Src/uart.o"
arm-none-eabi-gcc -o "3_blocking_code.elf" @"objects.list"   -mcpu=cortex-m4 -T"/home/lavanyaimadabattina/MEL_007/MEL_007_Pers/BuildYourOwnRTOS/STM32cubeIDE/3_blocking_code/STM32WB55RGVX_FLASH.ld" --specs=nosys.specs -Wl,-Map="3_blocking_code.map" -Wl,--gc-sections -static --specs=nano.specs -mfpu=fpv4-sp-d16 -mfloat-abi=hard -mthumb -Wl,--start-group -lc -lm -Wl,--end-group
Finished building target: 3_blocking_code.elf
 
arm-none-eabi-size  3_blocking_code.elf 
arm-none-eabi-objdump -h -S 3_blocking_code.elf  > "3_blocking_code.list"
   text	   data	    bss	    dec	    hex	filename
   5480	     96	   1912	   7488	   1d40	3_blocking_code.elf
Finished building: default.size.stdout
 
Finished building: 3_blocking_code.list
 

13:24:12 Build Finished. 0 errors, 0 warnings. (took 215ms)

