15:59:08 **** Incremental Build of configuration Debug for project 4_blocking_code2 ****
make -j12 all 
arm-none-eabi-gcc "../Src/main.c" -mcpu=cortex-m4 -std=gnu11 -g3 -DDEBUG -DSTM32 -DSTM32WB -DSTM32WB55RGVx -c -I"/home/lavanyaimadabattina/MEL_007/MEL_007_Pers/BuildYourOwnRTOS/STM32cubeIDE/0_led_driver/chip_headers/CMSIS/Include" -I"/home/lavanyaimadabattina/MEL_007/MEL_007_Pers/BuildYourOwnRTOS/STM32cubeIDE/0_led_driver/chip_headers/CMSIS/Device" -I"/home/lavanyaimadabattina/MEL_007/MEL_007_Pers/BuildYourOwnRTOS/STM32cubeIDE/0_led_driver/chip_headers/CMSIS/Device/ST/STM32WBxx/Include" -I"/home/lavanyaimadabattina/MEL_007/MEL_007_Pers/BuildYourOwnRTOS/STM32cubeIDE/4_blocking_code2/Inc" -O0 -ffunction-sections -fdata-sections -Wall -fstack-usage -fcyclomatic-complexity -MMD -MP -MF"Src/main.d" -MT"Src/main.o" --specs=nano.specs -mfpu=fpv4-sp-d16 -mfloat-abi=hard -mthumb -o "Src/main.o"
arm-none-eabi-gcc -o "4_blocking_code2.elf" @"objects.list"   -mcpu=cortex-m4 -T"/home/lavanyaimadabattina/MEL_007/MEL_007_Pers/BuildYourOwnRTOS/STM32cubeIDE/4_blocking_code2/STM32WB55RGVX_FLASH.ld" --specs=nosys.specs -Wl,-Map="4_blocking_code2.map" -Wl,--gc-sections -static --specs=nano.specs -mfpu=fpv4-sp-d16 -mfloat-abi=hard -mthumb -Wl,--start-group -lc -lm -Wl,--end-group
Finished building target: 4_blocking_code2.elf
 
arm-none-eabi-size  4_blocking_code2.elf 
arm-none-eabi-objdump -h -S 4_blocking_code2.elf  > "4_blocking_code2.list"
   text	   data	    bss	    dec	    hex	filename
   5580	     96	   1912	   7588	   1da4	4_blocking_code2.elf
Finished building: default.size.stdout
 
Finished building: 4_blocking_code2.list
 

15:59:09 Build Finished. 0 errors, 0 warnings. (took 241ms)

