15:57:40 **** Incremental Build of configuration Debug for project 2_timebase ****
make -j12 all 
arm-none-eabi-gcc "../Src/timebase.c" -mcpu=cortex-m4 -std=gnu11 -g3 -DDEBUG -DSTM32 -DSTM32WB -DSTM32WB55RGVx -c -I"/home/lavanyaimadabattina/MEL_007/MEL_007_Pers/BuildYourOwnRTOS/STM32cubeIDE/0_led_driver/chip_headers/CMSIS/Include" -I"/home/lavanyaimadabattina/MEL_007/MEL_007_Pers/BuildYourOwnRTOS/STM32cubeIDE/0_led_driver/chip_headers/CMSIS/Device" -I"/home/lavanyaimadabattina/MEL_007/MEL_007_Pers/BuildYourOwnRTOS/STM32cubeIDE/0_led_driver/chip_headers/CMSIS/Device/ST/STM32WBxx/Include" -I"/home/lavanyaimadabattina/MEL_007/MEL_007_Pers/BuildYourOwnRTOS/STM32cubeIDE/2_timebase/Inc" -O0 -ffunction-sections -fdata-sections -Wall -fstack-usage -fcyclomatic-complexity -MMD -MP -MF"Src/timebase.d" -MT"Src/timebase.o" --specs=nano.specs -mfpu=fpv4-sp-d16 -mfloat-abi=hard -mthumb -o "Src/timebase.o"
arm-none-eabi-gcc -o "2_timebase.elf" @"objects.list"   -mcpu=cortex-m4 -T"/home/lavanyaimadabattina/MEL_007/MEL_007_Pers/BuildYourOwnRTOS/STM32cubeIDE/2_timebase/STM32WB55RGVX_FLASH.ld" --specs=nosys.specs -Wl,-Map="2_timebase.map" -Wl,--gc-sections -static --specs=nano.specs -mfpu=fpv4-sp-d16 -mfloat-abi=hard -mthumb -Wl,--start-group -lc -lm -Wl,--end-group
Finished building target: 2_timebase.elf
 
arm-none-eabi-size  2_timebase.elf 
arm-none-eabi-objdump -h -S 2_timebase.elf  > "2_timebase.list"
   text	   data	    bss	    dec	    hex	filename
   5484	     96	   1912	   7492	   1d44	2_timebase.elf
Finished building: default.size.stdout
 
Finished building: 2_timebase.list
 
15:57:43 **** Incremental Build of configuration Debug for project 2_timebase ****
make -j12 all 
arm-none-eabi-size  2_timebase.elf 
   text	   data	    bss	    dec	    hex	filename
   5484	     96	   1912	   7492	   1d44	2_timebase.elf
Finished building: default.size.stdout
 
15:59:08 **** Incremental Build of configuration Debug for project 2_timebase ****
make -j12 all 
arm-none-eabi-gcc "../Src/main.c" -mcpu=cortex-m4 -std=gnu11 -g3 -DDEBUG -DSTM32 -DSTM32WB -DSTM32WB55RGVx -c -I"/home/lavanyaimadabattina/MEL_007/MEL_007_Pers/BuildYourOwnRTOS/STM32cubeIDE/0_led_driver/chip_headers/CMSIS/Include" -I"/home/lavanyaimadabattina/MEL_007/MEL_007_Pers/BuildYourOwnRTOS/STM32cubeIDE/0_led_driver/chip_headers/CMSIS/Device" -I"/home/lavanyaimadabattina/MEL_007/MEL_007_Pers/BuildYourOwnRTOS/STM32cubeIDE/0_led_driver/chip_headers/CMSIS/Device/ST/STM32WBxx/Include" -I"/home/lavanyaimadabattina/MEL_007/MEL_007_Pers/BuildYourOwnRTOS/STM32cubeIDE/2_timebase/Inc" -O0 -ffunction-sections -fdata-sections -Wall -fstack-usage -fcyclomatic-complexity -MMD -MP -MF"Src/main.d" -MT"Src/main.o" --specs=nano.specs -mfpu=fpv4-sp-d16 -mfloat-abi=hard -mthumb -o "Src/main.o"
arm-none-eabi-gcc -o "2_timebase.elf" @"objects.list"   -mcpu=cortex-m4 -T"/home/lavanyaimadabattina/MEL_007/MEL_007_Pers/BuildYourOwnRTOS/STM32cubeIDE/2_timebase/STM32WB55RGVX_FLASH.ld" --specs=nosys.specs -Wl,-Map="2_timebase.map" -Wl,--gc-sections -static --specs=nano.specs -mfpu=fpv4-sp-d16 -mfloat-abi=hard -mthumb -Wl,--start-group -lc -lm -Wl,--end-group
Finished building target: 2_timebase.elf
 
arm-none-eabi-size  2_timebase.elf 
arm-none-eabi-objdump -h -S 2_timebase.elf  > "2_timebase.list"
   text	   data	    bss	    dec	    hex	filename
   5480	     96	   1912	   7488	   1d40	2_timebase.elf
Finished building: default.size.stdout
 
Finished building: 2_timebase.list
 
16:00:25 **** Incremental Build of configuration Debug for project 2_timebase ****
make -j12 all 
arm-none-eabi-gcc "../Src/main.c" -mcpu=cortex-m4 -std=gnu11 -g3 -DDEBUG -DSTM32 -DSTM32WB -DSTM32WB55RGVx -c -I"/home/lavanyaimadabattina/MEL_007/MEL_007_Pers/BuildYourOwnRTOS/STM32cubeIDE/0_led_driver/chip_headers/CMSIS/Include" -I"/home/lavanyaimadabattina/MEL_007/MEL_007_Pers/BuildYourOwnRTOS/STM32cubeIDE/0_led_driver/chip_headers/CMSIS/Device" -I"/home/lavanyaimadabattina/MEL_007/MEL_007_Pers/BuildYourOwnRTOS/STM32cubeIDE/0_led_driver/chip_headers/CMSIS/Device/ST/STM32WBxx/Include" -I"/home/lavanyaimadabattina/MEL_007/MEL_007_Pers/BuildYourOwnRTOS/STM32cubeIDE/2_timebase/Inc" -O0 -ffunction-sections -fdata-sections -Wall -fstack-usage -fcyclomatic-complexity -MMD -MP -MF"Src/main.d" -MT"Src/main.o" --specs=nano.specs -mfpu=fpv4-sp-d16 -mfloat-abi=hard -mthumb -o "Src/main.o"
arm-none-eabi-gcc -o "2_timebase.elf" @"objects.list"   -mcpu=cortex-m4 -T"/home/lavanyaimadabattina/MEL_007/MEL_007_Pers/BuildYourOwnRTOS/STM32cubeIDE/2_timebase/STM32WB55RGVX_FLASH.ld" --specs=nosys.specs -Wl,-Map="2_timebase.map" -Wl,--gc-sections -static --specs=nano.specs -mfpu=fpv4-sp-d16 -mfloat-abi=hard -mthumb -Wl,--start-group -lc -lm -Wl,--end-group
Finished building target: 2_timebase.elf
 
arm-none-eabi-size  2_timebase.elf 
arm-none-eabi-objdump -h -S 2_timebase.elf  > "2_timebase.list"
   text	   data	    bss	    dec	    hex	filename
   5484	     96	   1912	   7492	   1d44	2_timebase.elf
Finished building: default.size.stdout
 
Finished building: 2_timebase.list
 
16:01:32 **** Incremental Build of configuration Debug for project 2_timebase ****
make -j12 all 
arm-none-eabi-gcc "../Src/main.c" -mcpu=cortex-m4 -std=gnu11 -g3 -DDEBUG -DSTM32 -DSTM32WB -DSTM32WB55RGVx -c -I"/home/lavanyaimadabattina/MEL_007/MEL_007_Pers/BuildYourOwnRTOS/STM32cubeIDE/0_led_driver/chip_headers/CMSIS/Include" -I"/home/lavanyaimadabattina/MEL_007/MEL_007_Pers/BuildYourOwnRTOS/STM32cubeIDE/0_led_driver/chip_headers/CMSIS/Device" -I"/home/lavanyaimadabattina/MEL_007/MEL_007_Pers/BuildYourOwnRTOS/STM32cubeIDE/0_led_driver/chip_headers/CMSIS/Device/ST/STM32WBxx/Include" -I"/home/lavanyaimadabattina/MEL_007/MEL_007_Pers/BuildYourOwnRTOS/STM32cubeIDE/2_timebase/Inc" -O0 -ffunction-sections -fdata-sections -Wall -fstack-usage -fcyclomatic-complexity -MMD -MP -MF"Src/main.d" -MT"Src/main.o" --specs=nano.specs -mfpu=fpv4-sp-d16 -mfloat-abi=hard -mthumb -o "Src/main.o"
arm-none-eabi-gcc -o "2_timebase.elf" @"objects.list"   -mcpu=cortex-m4 -T"/home/lavanyaimadabattina/MEL_007/MEL_007_Pers/BuildYourOwnRTOS/STM32cubeIDE/2_timebase/STM32WB55RGVX_FLASH.ld" --specs=nosys.specs -Wl,-Map="2_timebase.map" -Wl,--gc-sections -static --specs=nano.specs -mfpu=fpv4-sp-d16 -mfloat-abi=hard -mthumb -Wl,--start-group -lc -lm -Wl,--end-group
Finished building target: 2_timebase.elf
 
arm-none-eabi-size  2_timebase.elf 
arm-none-eabi-objdump -h -S 2_timebase.elf  > "2_timebase.list"
   text	   data	    bss	    dec	    hex	filename
   5484	     96	   1912	   7492	   1d44	2_timebase.elf
Finished building: default.size.stdout
 
Finished building: 2_timebase.list
 
16:05:43 **** Incremental Build of configuration Debug for project 2_timebase ****
make -j12 all 
arm-none-eabi-gcc "../Src/main.c" -mcpu=cortex-m4 -std=gnu11 -g3 -DDEBUG -DSTM32 -DSTM32WB -DSTM32WB55RGVx -c -I"/home/lavanyaimadabattina/MEL_007/MEL_007_Pers/BuildYourOwnRTOS/STM32cubeIDE/0_led_driver/chip_headers/CMSIS/Include" -I"/home/lavanyaimadabattina/MEL_007/MEL_007_Pers/BuildYourOwnRTOS/STM32cubeIDE/0_led_driver/chip_headers/CMSIS/Device" -I"/home/lavanyaimadabattina/MEL_007/MEL_007_Pers/BuildYourOwnRTOS/STM32cubeIDE/0_led_driver/chip_headers/CMSIS/Device/ST/STM32WBxx/Include" -I"/home/lavanyaimadabattina/MEL_007/MEL_007_Pers/BuildYourOwnRTOS/STM32cubeIDE/2_timebase/Inc" -O0 -ffunction-sections -fdata-sections -Wall -fstack-usage -fcyclomatic-complexity -MMD -MP -MF"Src/main.d" -MT"Src/main.o" --specs=nano.specs -mfpu=fpv4-sp-d16 -mfloat-abi=hard -mthumb -o "Src/main.o"
../Src/main.c:6:13: warning: 'led_toggle' defined but not used [-Wunused-function]
    6 | static void led_toggle(void){
      |             ^~~~~~~~~~
arm-none-eabi-gcc -o "2_timebase.elf" @"objects.list"   -mcpu=cortex-m4 -T"/home/lavanyaimadabattina/MEL_007/MEL_007_Pers/BuildYourOwnRTOS/STM32cubeIDE/2_timebase/STM32WB55RGVX_FLASH.ld" --specs=nosys.specs -Wl,-Map="2_timebase.map" -Wl,--gc-sections -static --specs=nano.specs -mfpu=fpv4-sp-d16 -mfloat-abi=hard -mthumb -Wl,--start-group -lc -lm -Wl,--end-group
Finished building target: 2_timebase.elf
 
arm-none-eabi-size  2_timebase.elf 
arm-none-eabi-objdump -h -S 2_timebase.elf  > "2_timebase.list"
   text	   data	    bss	    dec	    hex	filename
   5392	     96	   1912	   7400	   1ce8	2_timebase.elf
Finished building: default.size.stdout
 
Finished building: 2_timebase.list
 
16:16:46 **** Incremental Build of configuration Debug for project 2_timebase ****
make -j12 all 
arm-none-eabi-size  2_timebase.elf 
   text	   data	    bss	    dec	    hex	filename
   5392	     96	   1912	   7400	   1ce8	2_timebase.elf
Finished building: default.size.stdout
 
16:17:42 **** Incremental Build of configuration Debug for project 2_timebase ****
make -j12 all 
arm-none-eabi-size  2_timebase.elf 
   text	   data	    bss	    dec	    hex	filename
   5392	     96	   1912	   7400	   1ce8	2_timebase.elf
Finished building: default.size.stdout
 
16:34:47 **** Incremental Build of configuration Debug for project 2_timebase ****
make -j12 all 
arm-none-eabi-size  2_timebase.elf 
   text	   data	    bss	    dec	    hex	filename
   5392	     96	   1912	   7400	   1ce8	2_timebase.elf
Finished building: default.size.stdout
 
16:45:03 **** Incremental Build of configuration Debug for project 2_timebase ****
make -j12 all 
arm-none-eabi-gcc "../Src/timebase.c" -mcpu=cortex-m4 -std=gnu11 -g3 -DDEBUG -DSTM32 -DSTM32WB -DSTM32WB55RGVx -c -I"/home/lavanyaimadabattina/MEL_007/MEL_007_Pers/BuildYourOwnRTOS/STM32cubeIDE/0_led_driver/chip_headers/CMSIS/Include" -I"/home/lavanyaimadabattina/MEL_007/MEL_007_Pers/BuildYourOwnRTOS/STM32cubeIDE/0_led_driver/chip_headers/CMSIS/Device" -I"/home/lavanyaimadabattina/MEL_007/MEL_007_Pers/BuildYourOwnRTOS/STM32cubeIDE/0_led_driver/chip_headers/CMSIS/Device/ST/STM32WBxx/Include" -I"/home/lavanyaimadabattina/MEL_007/MEL_007_Pers/BuildYourOwnRTOS/STM32cubeIDE/2_timebase/Inc" -O0 -ffunction-sections -fdata-sections -Wall -fstack-usage -fcyclomatic-complexity -MMD -MP -MF"Src/timebase.d" -MT"Src/timebase.o" --specs=nano.specs -mfpu=fpv4-sp-d16 -mfloat-abi=hard -mthumb -o "Src/timebase.o"
../Src/timebase.c: In function 'delay':
../Src/timebase.c:51:17: warning: implicit declaration of function 'printf' [-Wimplicit-function-declaration]
   51 |                 printf("*\t");
      |                 ^~~~~~
../Src/timebase.c:9:1: note: include '<stdio.h>' or provide a declaration of 'printf'
    8 | #include "stm32wb55xx.h"
  +++ |+#include <stdio.h>
    9 | 
../Src/timebase.c:51:17: warning: incompatible implicit declaration of built-in function 'printf' [-Wbuiltin-declaration-mismatch]
   51 |                 printf("*\t");
      |                 ^~~~~~
../Src/timebase.c:51:17: note: include '<stdio.h>' or provide a declaration of 'printf'
arm-none-eabi-gcc -o "2_timebase.elf" @"objects.list"   -mcpu=cortex-m4 -T"/home/lavanyaimadabattina/MEL_007/MEL_007_Pers/BuildYourOwnRTOS/STM32cubeIDE/2_timebase/STM32WB55RGVX_FLASH.ld" --specs=nosys.specs -Wl,-Map="2_timebase.map" -Wl,--gc-sections -static --specs=nano.specs -mfpu=fpv4-sp-d16 -mfloat-abi=hard -mthumb -Wl,--start-group -lc -lm -Wl,--end-group
Finished building target: 2_timebase.elf
 
arm-none-eabi-size  2_timebase.elf 
arm-none-eabi-objdump -h -S 2_timebase.elf  > "2_timebase.list"
   text	   data	    bss	    dec	    hex	filename
   5408	     96	   1912	   7416	   1cf8	2_timebase.elf
Finished building: default.size.stdout
 
Finished building: 2_timebase.list
 
17:23:42 **** Incremental Build of configuration Debug for project 2_timebase ****
make -j12 all 
arm-none-eabi-gcc "../Src/timebase.c" -mcpu=cortex-m4 -std=gnu11 -g3 -DDEBUG -DSTM32 -DSTM32WB -DSTM32WB55RGVx -c -I"/home/lavanyaimadabattina/MEL_007/MEL_007_Pers/BuildYourOwnRTOS/STM32cubeIDE/0_led_driver/chip_headers/CMSIS/Include" -I"/home/lavanyaimadabattina/MEL_007/MEL_007_Pers/BuildYourOwnRTOS/STM32cubeIDE/0_led_driver/chip_headers/CMSIS/Device" -I"/home/lavanyaimadabattina/MEL_007/MEL_007_Pers/BuildYourOwnRTOS/STM32cubeIDE/0_led_driver/chip_headers/CMSIS/Device/ST/STM32WBxx/Include" -I"/home/lavanyaimadabattina/MEL_007/MEL_007_Pers/BuildYourOwnRTOS/STM32cubeIDE/2_timebase/Inc" -O0 -ffunction-sections -fdata-sections -Wall -fstack-usage -fcyclomatic-complexity -MMD -MP -MF"Src/timebase.d" -MT"Src/timebase.o" --specs=nano.specs -mfpu=fpv4-sp-d16 -mfloat-abi=hard -mthumb -o "Src/timebase.o"
arm-none-eabi-gcc -o "2_timebase.elf" @"objects.list"   -mcpu=cortex-m4 -T"/home/lavanyaimadabattina/MEL_007/MEL_007_Pers/BuildYourOwnRTOS/STM32cubeIDE/2_timebase/STM32WB55RGVX_FLASH.ld" --specs=nosys.specs -Wl,-Map="2_timebase.map" -Wl,--gc-sections -static --specs=nano.specs -mfpu=fpv4-sp-d16 -mfloat-abi=hard -mthumb -Wl,--start-group -lc -lm -Wl,--end-group
Finished building target: 2_timebase.elf
 
arm-none-eabi-size  2_timebase.elf 
arm-none-eabi-objdump -h -S 2_timebase.elf  > "2_timebase.list"
   text	   data	    bss	    dec	    hex	filename
   5384	     96	   1912	   7392	   1ce0	2_timebase.elf
Finished building: default.size.stdout
 
Finished building: 2_timebase.list
 
17:25:59 **** Incremental Build of configuration Debug for project 2_timebase ****
make -j12 all 
arm-none-eabi-gcc "../Src/main.c" -mcpu=cortex-m4 -std=gnu11 -g3 -DDEBUG -DSTM32 -DSTM32WB -DSTM32WB55RGVx -c -I"/home/lavanyaimadabattina/MEL_007/MEL_007_Pers/BuildYourOwnRTOS/STM32cubeIDE/0_led_driver/chip_headers/CMSIS/Include" -I"/home/lavanyaimadabattina/MEL_007/MEL_007_Pers/BuildYourOwnRTOS/STM32cubeIDE/0_led_driver/chip_headers/CMSIS/Device" -I"/home/lavanyaimadabattina/MEL_007/MEL_007_Pers/BuildYourOwnRTOS/STM32cubeIDE/0_led_driver/chip_headers/CMSIS/Device/ST/STM32WBxx/Include" -I"/home/lavanyaimadabattina/MEL_007/MEL_007_Pers/BuildYourOwnRTOS/STM32cubeIDE/2_timebase/Inc" -O0 -ffunction-sections -fdata-sections -Wall -fstack-usage -fcyclomatic-complexity -MMD -MP -MF"Src/main.d" -MT"Src/main.o" --specs=nano.specs -mfpu=fpv4-sp-d16 -mfloat-abi=hard -mthumb -o "Src/main.o"
arm-none-eabi-gcc -o "2_timebase.elf" @"objects.list"   -mcpu=cortex-m4 -T"/home/lavanyaimadabattina/MEL_007/MEL_007_Pers/BuildYourOwnRTOS/STM32cubeIDE/2_timebase/STM32WB55RGVX_FLASH.ld" --specs=nosys.specs -Wl,-Map="2_timebase.map" -Wl,--gc-sections -static --specs=nano.specs -mfpu=fpv4-sp-d16 -mfloat-abi=hard -mthumb -Wl,--start-group -lc -lm -Wl,--end-group
Finished building target: 2_timebase.elf
 
arm-none-eabi-size  2_timebase.elf 
arm-none-eabi-objdump -h -S 2_timebase.elf  > "2_timebase.list"
   text	   data	    bss	    dec	    hex	filename
   5480	     96	   1912	   7488	   1d40	2_timebase.elf
Finished building: default.size.stdout
 
Finished building: 2_timebase.list
 
17:28:49 **** Incremental Build of configuration Debug for project 2_timebase ****
make -j12 all 
arm-none-eabi-gcc "../Src/timebase.c" -mcpu=cortex-m4 -std=gnu11 -g3 -DDEBUG -DSTM32 -DSTM32WB -DSTM32WB55RGVx -c -I"/home/lavanyaimadabattina/MEL_007/MEL_007_Pers/BuildYourOwnRTOS/STM32cubeIDE/0_led_driver/chip_headers/CMSIS/Include" -I"/home/lavanyaimadabattina/MEL_007/MEL_007_Pers/BuildYourOwnRTOS/STM32cubeIDE/0_led_driver/chip_headers/CMSIS/Device" -I"/home/lavanyaimadabattina/MEL_007/MEL_007_Pers/BuildYourOwnRTOS/STM32cubeIDE/0_led_driver/chip_headers/CMSIS/Device/ST/STM32WBxx/Include" -I"/home/lavanyaimadabattina/MEL_007/MEL_007_Pers/BuildYourOwnRTOS/STM32cubeIDE/2_timebase/Inc" -O0 -ffunction-sections -fdata-sections -Wall -fstack-usage -fcyclomatic-complexity -MMD -MP -MF"Src/timebase.d" -MT"Src/timebase.o" --specs=nano.specs -mfpu=fpv4-sp-d16 -mfloat-abi=hard -mthumb -o "Src/timebase.o"
arm-none-eabi-gcc -o "2_timebase.elf" @"objects.list"   -mcpu=cortex-m4 -T"/home/lavanyaimadabattina/MEL_007/MEL_007_Pers/BuildYourOwnRTOS/STM32cubeIDE/2_timebase/STM32WB55RGVX_FLASH.ld" --specs=nosys.specs -Wl,-Map="2_timebase.map" -Wl,--gc-sections -static --specs=nano.specs -mfpu=fpv4-sp-d16 -mfloat-abi=hard -mthumb -Wl,--start-group -lc -lm -Wl,--end-group
Finished building target: 2_timebase.elf
 
arm-none-eabi-size  2_timebase.elf 
arm-none-eabi-objdump -h -S 2_timebase.elf  > "2_timebase.list"
   text	   data	    bss	    dec	    hex	filename
   5468	     96	   1912	   7476	   1d34	2_timebase.elf
Finished building: default.size.stdout
 
Finished building: 2_timebase.list
 
17:30:22 **** Incremental Build of configuration Debug for project 2_timebase ****
make -j12 all 
arm-none-eabi-gcc "../Src/timebase.c" -mcpu=cortex-m4 -std=gnu11 -g3 -DDEBUG -DSTM32 -DSTM32WB -DSTM32WB55RGVx -c -I"/home/lavanyaimadabattina/MEL_007/MEL_007_Pers/BuildYourOwnRTOS/STM32cubeIDE/0_led_driver/chip_headers/CMSIS/Include" -I"/home/lavanyaimadabattina/MEL_007/MEL_007_Pers/BuildYourOwnRTOS/STM32cubeIDE/0_led_driver/chip_headers/CMSIS/Device" -I"/home/lavanyaimadabattina/MEL_007/MEL_007_Pers/BuildYourOwnRTOS/STM32cubeIDE/0_led_driver/chip_headers/CMSIS/Device/ST/STM32WBxx/Include" -I"/home/lavanyaimadabattina/MEL_007/MEL_007_Pers/BuildYourOwnRTOS/STM32cubeIDE/2_timebase/Inc" -O0 -ffunction-sections -fdata-sections -Wall -fstack-usage -fcyclomatic-complexity -MMD -MP -MF"Src/timebase.d" -MT"Src/timebase.o" --specs=nano.specs -mfpu=fpv4-sp-d16 -mfloat-abi=hard -mthumb -o "Src/timebase.o"
arm-none-eabi-gcc -o "2_timebase.elf" @"objects.list"   -mcpu=cortex-m4 -T"/home/lavanyaimadabattina/MEL_007/MEL_007_Pers/BuildYourOwnRTOS/STM32cubeIDE/2_timebase/STM32WB55RGVX_FLASH.ld" --specs=nosys.specs -Wl,-Map="2_timebase.map" -Wl,--gc-sections -static --specs=nano.specs -mfpu=fpv4-sp-d16 -mfloat-abi=hard -mthumb -Wl,--start-group -lc -lm -Wl,--end-group
Finished building target: 2_timebase.elf
 
arm-none-eabi-size  2_timebase.elf 
arm-none-eabi-objdump -h -S 2_timebase.elf  > "2_timebase.list"
   text	   data	    bss	    dec	    hex	filename
   5488	     96	   1912	   7496	   1d48	2_timebase.elf
Finished building: default.size.stdout
 
Finished building: 2_timebase.list
 
17:31:39 **** Incremental Build of configuration Debug for project 2_timebase ****
make -j12 all 
arm-none-eabi-gcc "../Src/timebase.c" -mcpu=cortex-m4 -std=gnu11 -g3 -DDEBUG -DSTM32 -DSTM32WB -DSTM32WB55RGVx -c -I"/home/lavanyaimadabattina/MEL_007/MEL_007_Pers/BuildYourOwnRTOS/STM32cubeIDE/0_led_driver/chip_headers/CMSIS/Include" -I"/home/lavanyaimadabattina/MEL_007/MEL_007_Pers/BuildYourOwnRTOS/STM32cubeIDE/0_led_driver/chip_headers/CMSIS/Device" -I"/home/lavanyaimadabattina/MEL_007/MEL_007_Pers/BuildYourOwnRTOS/STM32cubeIDE/0_led_driver/chip_headers/CMSIS/Device/ST/STM32WBxx/Include" -I"/home/lavanyaimadabattina/MEL_007/MEL_007_Pers/BuildYourOwnRTOS/STM32cubeIDE/2_timebase/Inc" -O0 -ffunction-sections -fdata-sections -Wall -fstack-usage -fcyclomatic-complexity -MMD -MP -MF"Src/timebase.d" -MT"Src/timebase.o" --specs=nano.specs -mfpu=fpv4-sp-d16 -mfloat-abi=hard -mthumb -o "Src/timebase.o"
arm-none-eabi-gcc -o "2_timebase.elf" @"objects.list"   -mcpu=cortex-m4 -T"/home/lavanyaimadabattina/MEL_007/MEL_007_Pers/BuildYourOwnRTOS/STM32cubeIDE/2_timebase/STM32WB55RGVX_FLASH.ld" --specs=nosys.specs -Wl,-Map="2_timebase.map" -Wl,--gc-sections -static --specs=nano.specs -mfpu=fpv4-sp-d16 -mfloat-abi=hard -mthumb -Wl,--start-group -lc -lm -Wl,--end-group
Finished building target: 2_timebase.elf
 
arm-none-eabi-size  2_timebase.elf 
arm-none-eabi-objdump -h -S 2_timebase.elf  > "2_timebase.list"
   text	   data	    bss	    dec	    hex	filename
   5468	     96	   1912	   7476	   1d34	2_timebase.elf
Finished building: default.size.stdout
 
Finished building: 2_timebase.list
 
